// Jest Snapshot v1, https://goo.gl/fbAQLP

exports[`ArticleList Renders correctly 1`] = `"<div class="flex flex-col"><div>SportsList Component</div><div class="w-full"><div></div></div></div>"`;
